// Jest Snapshot v1, https://goo.gl/fbAQLP

exports[`AddAllergy should render the component 1`] = `
<div>
  <div />
</div>
`;
